// Jest Snapshot v1, https://goo.gl/fbAQLP

exports[`components calculator.jsx should render correctly 1`] = `
<div
  className="main"
>
  <form
    className="screen"
  >
    <input
      className="input"
      disabled={true}
      maxLength={12}
      value="
  0"
    />
  </form>
  <button
    className="btn light-gray"
    id="AC"
    onClick={[Function]}
    type="button"
  >
    AC
  </button>
  <button
    className="btn light-gray"
    id="+/-"
    onClick={[Function]}
    type="button"
  >
    +/-
  </button>
  <button
    className="btn light-gray"
    id="%"
    onClick={[Function]}
    type="button"
  >
    %
  </button>
  <button
    className="btn org"
    id="รท"
    onClick={[Function]}
    type="button"
  >
    รท
  </button>
  <button
    className="btn"
    id="7"
    onClick={[Function]}
    type="button"
  >
    7
  </button>
  <button
    className="btn"
    id="8"
    onClick={[Function]}
    type="button"
  >
    8
  </button>
  <button
    className="btn"
    id="9"
    onClick={[Function]}
    type="button"
  >
    9
  </button>
  <button
    className="btn org"
    id="X"
    onClick={[Function]}
    type="button"
  >
    x
  </button>
  <button
    className="btn"
    id="4"
    onClick={[Function]}
    type="button"
  >
    4
  </button>
  <button
    className="btn"
    id="5"
    onClick={[Function]}
    type="button"
  >
    5
  </button>
  <button
    className="btn"
    id="6"
    onClick={[Function]}
    type="button"
  >
    6
  </button>
  <button
    className="btn org"
    id="-"
    onClick={[Function]}
    type="button"
  >
    -
  </button>
  <button
    className="btn"
    id="1"
    onClick={[Function]}
    type="button"
  >
    1
  </button>
  <button
    className="btn"
    id="2"
    onClick={[Function]}
    type="button"
  >
    2
  </button>
  <button
    className="btn"
    id="3"
    onClick={[Function]}
    type="button"
  >
    3
  </button>
  <button
    className="btn org"
    id="+"
    onClick={[Function]}
    type="button"
  >
    +
  </button>
  <button
    className="btn zero"
    id="0"
    onClick={[Function]}
    type="button"
  >
    0
  </button>
  <button
    className="btn"
    id="dot"
    onClick={[Function]}
    type="button"
  >
    .
  </button>
  <button
    className="btn org"
    id="="
    onClick={[Function]}
    type="button"
  >
    =
  </button>
</div>
`;

exports[`components home.jsx should render correctly 1`] = `
<div
  className="home"
>
  <h2
    className="homeHeader"
  >
    Welcome to our page!
  </h2>
  <p
    className="homePara"
  >
    Lorem, ipsum dolor sit amet consectetur adipisicing elit. Sequi nam cumque similique quidem nemo alias iusto officia, unde doloribus iste suscipit vel omnis quis fugiat provident quibusdam nobis rem dolor assumenda aut? Sed ipsa nam molestiae molestias saepe inventore! Velit!
  </p>
  <p
    className="homePara"
  >
    Lorem, ipsum dolor sit amet consectetur adipisicing elit. Sequi nam cumque similique quidem nemo alias iusto officia, unde doloribus iste suscipit vel omnis quis fugiat provident quibusdam nobis rem dolor assumenda aut? Sed ipsa nam molestiae molestias saepe inventore! Velit!
  </p>
</div>
`;

exports[`components navbar.jsx should render correctly 1`] = `
<div
  className="nav-bar"
>
  <a
    className="nav-logo"
    href="/"
  >
    Math Magician
  </a>
  <ul
    className="nav-links"
  >
    <li>
      <a
        href="/"
        onClick={[Function]}
      >
        Home
      </a>
    </li>
    <li>
      <a
        href="/calculator"
        onClick={[Function]}
      >
        Calculator
      </a>
    </li>
    <li>
      <a
        href="/quote"
        onClick={[Function]}
      >
        Quotes
      </a>
    </li>
  </ul>
</div>
`;

exports[`components navbar.jsx should render correctly 2`] = `
<h1
  className="quote"
>
  'Mathematics is not about numbers, equations, computations, or algorithms: it is about understanding.' - William Paul Thurstone
   
</h1>
`;
